Copyright 1986-2020 Xilinx, Inc. All Rights Reserved.
-----------------------------------------------------------------------------------------------------------------------------------------------------
| Tool Version : Vivado v.2020.2 (win64) Build 3064766 Wed Nov 18 09:12:45 MST 2020
| Date         : Sat Jun 27 17:35:09 2026
| Host         : DESKTOP-F81OJT8 running 64-bit major release  (build 9200)
| Command      : report_utilization -hierarchical -file C:/Users/YangGeon/SNN_ECG_RESTORE_MODEL_S/reports/synth/restore_model_s_utilization_hier.rpt
| Design       : snn_ecg_model_a_plus_core
| Device       : 7a100tcsg324-1
| Design State : Synthesized
-----------------------------------------------------------------------------------------------------------------------------------------------------

Utilization Design Information

Table of Contents
-----------------
1. Utilization by Hierarchy

1. Utilization by Hierarchy
---------------------------

+-------------------------------+----------------------------+------------+------------+---------+------+------+--------+--------+------------+
|            Instance           |           Module           | Total LUTs | Logic LUTs | LUTRAMs | SRLs |  FFs | RAMB36 | RAMB18 | DSP Blocks |
+-------------------------------+----------------------------+------------+------------+---------+------+------+--------+--------+------------+
| snn_ecg_model_a_plus_core     |                      (top) |      20243 |      20207 |       0 |   36 | 2047 |      0 |      0 |          0 |
|   (snn_ecg_model_a_plus_core) |                      (top) |       5338 |       5338 |       0 |    0 |    0 |      0 |      0 |          0 |
|   u_model_a_plus              |          snn_ecg_3feat_top |      15075 |      15039 |       0 |   36 | 2047 |      0 |      0 |          0 |
|     (u_model_a_plus)          |          snn_ecg_3feat_top |          1 |          1 |       0 |    0 |    2 |      0 |      0 |          0 |
|     u_class                   |        class_score_neurons |       9980 |       9980 |       0 |    0 | 1050 |      0 |      0 |          0 |
|     u_dscr                    |         dscr_spike_counter |        319 |        319 |       0 |    0 |   77 |      0 |      0 |          0 |
|     u_ectopic                 |        ectopic_pair_neuron |        116 |        116 |       0 |    0 |   18 |      0 |      0 |          0 |
|     u_event_encoder           | ecg_event_encoder_adaptive |        271 |        271 |       0 |    0 |  237 |      0 |      0 |          0 |
|     u_pnn                     |       pnn_rhythm_predictor |        396 |        396 |       0 |    0 |   66 |      0 |      0 |          0 |
|     u_qrs_detector            |           qrs_lif_detector |         46 |         46 |       0 |    0 |   21 |      0 |      0 |          0 |
|     u_qrs_maf                 |             qrs_maf_neuron |        814 |        778 |       0 |   36 |  388 |      0 |      0 |          0 |
|     u_ram                     |       ram_peak_accumulator |        462 |        462 |       0 |    0 |   27 |      0 |      0 |          0 |
|     u_rbbb_qrs_delay          |        rbbb_qrs_delay_bank |        215 |        215 |       0 |    0 |   87 |      0 |      0 |          0 |
|     u_rdm                     |     rdm_variability_neuron |       2564 |       2564 |       0 |    0 |   74 |      0 |      0 |          0 |
+-------------------------------+----------------------------+------------+------------+---------+------+------+--------+--------+------------+


